RAM Allocation [bytes]
Variable                                                                          Address   Size
------------------------------------------------------------------------------------------------
_seed (stdlib.lib)                                                                0x0260       4
_base_y (lcd.lib)                                                                 0x0264       4

EEPROM Allocation [bytes]
Variable                                                                          Address   Size
------------------------------------------------------------------------------------------------

Register Allocation
Variable                                                                          Register  Size
------------------------------------------------------------------------------------------------
numer_initial                                                                     R5           1
numer                                                                             R4           1
_lcd_x                                                                            R7           1
_lcd_y                                                                            R6           1
_lcd_maxx                                                                         R9           1

FLASH Allocation [words]
Function                                                                          Address   Size
------------------------------------------------------------------------------------------------
main                                                                              0x0008A     31
LCD_DisplayMainPage                                                               0x000A9     35
LCD_Config                                                                        0x000CC      6
LCD_DisplayloadingPage                                                            0x000D2     16
itoa                                                                              0x000E2     46
_lcd_delay_G101                                                                   0x00110      4
_lcd_ready                                                                        0x00114     17
_lcd_write_nibble_G101                                                            0x00125     10
_lcd_write_data                                                                   0x0012F     15
_lcd_read_nibble_G101                                                             0x0013E      9
lcd_read_byte0_G101                                                               0x00147      9
lcd_gotoxy                                                                        0x00150     16
lcd_clear                                                                         0x00160     19
lcd_putchar                                                                       0x00173     26
lcd_puts                                                                          0x0018D     15
lcd_putsf                                                                         0x0019C     19
_long_delay_G101                                                                  0x001AF      5
_lcd_init_write_G101                                                              0x001B4     12
lcd_init                                                                          0x001C0     51
_Keypad4x4_GetInitialNumber                                                       0x001F3     20
_Keypad4x4_ConvertNumber                                                          0x00207     25
Keypad4x4_GetNumber                                                               0x00220     12
