RAM Allocation [bytes]
Variable                                                                          Address   Size
------------------------------------------------------------------------------------------------
_seed (stdlib.lib)                                                                0x0260       4
_base_y (alcd.lib)                                                                0x0264       4

EEPROM Allocation [bytes]
Variable                                                                          Address   Size
------------------------------------------------------------------------------------------------

Register Allocation
Variable                                                                          Register  Size
------------------------------------------------------------------------------------------------
_lcd_x                                                                            R5           1
_lcd_y                                                                            R4           1
_lcd_maxx                                                                         R7           1

FLASH Allocation [words]
Function                                                                          Address   Size
------------------------------------------------------------------------------------------------
read_adc                                                                          0x001CB     15
main                                                                              0x001DA     98
LCD_DisplayMainPage                                                               0x0023C     39
LCD_Config                                                                        0x00263      6
ADC_Init                                                                          0x00269      7
TC_ConvertMicroVoltToTemp                                                         0x00270    134
TC_ConvertTempToMicroVolt                                                         0x002F6    129
itoa                                                                              0x00377     46
ltoa                                                                              0x003A5     83
_lcd_write_nibble_G102                                                            0x003F8     20
_lcd_write_data                                                                   0x0040C     12
lcd_gotoxy                                                                        0x00418     13
lcd_clear                                                                         0x00425     12
lcd_putchar                                                                       0x00431     21
lcd_puts                                                                          0x00446     15
lcd_putsf                                                                         0x00455     19
lcd_init                                                                          0x00468     45
