RAM Allocation [bytes]
Variable                                                                          Address   Size
------------------------------------------------------------------------------------------------
table_ctz4 (keypad4x4.c)                                                          0x0260      16
_seed (stdlib.lib)                                                                0x0270       4
_base_y (lcd.lib)                                                                 0x0274       4

EEPROM Allocation [bytes]
Variable                                                                          Address   Size
------------------------------------------------------------------------------------------------

Register Allocation
Variable                                                                          Register  Size
------------------------------------------------------------------------------------------------
number                                                                            R5           1
_lcd_x                                                                            R4           1
_lcd_y                                                                            R7           1
_lcd_maxx                                                                         R6           1

FLASH Allocation [words]
Function                                                                          Address   Size
------------------------------------------------------------------------------------------------
main                                                                              0x00092     18
LCD_DisplayMainPage                                                               0x000A4     25
LCD_Config                                                                        0x000BD      6
LCD_DisplayloadingPage                                                            0x000C3     11
Keypad4x4_GetKey                                                                  0x000CE    765
itoa                                                                              0x003CB     46
_lcd_delay_G101                                                                   0x003F9      4
_lcd_ready                                                                        0x003FD     17
_lcd_write_nibble_G101                                                            0x0040E     10
_lcd_write_data                                                                   0x00418     15
_lcd_read_nibble_G101                                                             0x00427      9
lcd_read_byte0_G101                                                               0x00430      9
lcd_gotoxy                                                                        0x00439     16
lcd_clear                                                                         0x00449     19
lcd_putchar                                                                       0x0045C     26
lcd_puts                                                                          0x00476     15
lcd_putsf                                                                         0x00485     19
_long_delay_G101                                                                  0x00498      5
_lcd_init_write_G101                                                              0x0049D     12
lcd_init                                                                          0x004A9     51
